---
source: tests/insta_test.rs
expression: tester.conv_program().as_ref().unwrap()
---
ConvProgram {
    components: [
        Func(
            ConvFuncDef {
                ty: Func {
                    ret_ty: Base(
                        Int,
                    ),
                    args: [],
                    is_flexible: true,
                },
                name: "main",
                args: [],
                body: Block(
                    [
                        Block(
                            [],
                        ),
                        Expr(
                            ConvExpr {
                                kind: Assign(
                                    ConvExpr {
                                        kind: Member {
                                            struct_expr: ConvExpr {
                                                kind: LVar(
                                                    LVar {
                                                        offset: 16,
                                                        ty: Struct(
                                                            Struct {
                                                                tag: Some(
                                                                    "A",
                                                                ),
                                                                members: [
                                                                    StructMember {
                                                                        name: "a",
                                                                        offset: 8,
                                                                        ty: Array(
                                                                            Base(
                                                                                Int,
                                                                            ),
                                                                            2,
                                                                        ),
                                                                    },
                                                                    StructMember {
                                                                        name: "b",
                                                                        offset: 9,
                                                                        ty: Base(
                                                                            Char,
                                                                        ),
                                                                    },
                                                                    StructMember {
                                                                        name: "c",
                                                                        offset: 16,
                                                                        ty: Base(
                                                                            Int,
                                                                        ),
                                                                    },
                                                                ],
                                                            },
                                                        ),
                                                    },
                                                ),
                                                ty: Struct(
                                                    Struct {
                                                        tag: Some(
                                                            "A",
                                                        ),
                                                        members: [
                                                            StructMember {
                                                                name: "a",
                                                                offset: 8,
                                                                ty: Array(
                                                                    Base(
                                                                        Int,
                                                                    ),
                                                                    2,
                                                                ),
                                                            },
                                                            StructMember {
                                                                name: "b",
                                                                offset: 9,
                                                                ty: Base(
                                                                    Char,
                                                                ),
                                                            },
                                                            StructMember {
                                                                name: "c",
                                                                offset: 16,
                                                                ty: Base(
                                                                    Int,
                                                                ),
                                                            },
                                                        ],
                                                    },
                                                ),
                                                debug_info: DebugInfo {
                                                    file_info: FileInfo {
                                                        file_name: "",
                                                        src: "struct A\n{\n    int a[2];\n    char b;\n    int c;\n};\n\nint main()\n{\n    struct A a;\n    a.b = 2;\n    a.a[1] = 1;\n    return a.c;\n}",
                                                    },
                                                    pos: Position {
                                                        n_char: 4,
                                                        n_line: 10,
                                                    },
                                                },
                                            },
                                            minus_offset: 8,
                                        },
                                        ty: Base(
                                            Char,
                                        ),
                                        debug_info: DebugInfo {
                                            file_info: FileInfo {
                                                file_name: "",
                                                src: "struct A\n{\n    int a[2];\n    char b;\n    int c;\n};\n\nint main()\n{\n    struct A a;\n    a.b = 2;\n    a.a[1] = 1;\n    return a.c;\n}",
                                            },
                                            pos: Position {
                                                n_char: 6,
                                                n_line: 10,
                                            },
                                        },
                                    },
                                    ConvExpr {
                                        kind: Cast(
                                            ConvExpr {
                                                kind: Num(
                                                    2,
                                                ),
                                                ty: Base(
                                                    Int,
                                                ),
                                                debug_info: DebugInfo {
                                                    file_info: FileInfo {
                                                        file_name: "",
                                                        src: "struct A\n{\n    int a[2];\n    char b;\n    int c;\n};\n\nint main()\n{\n    struct A a;\n    a.b = 2;\n    a.a[1] = 1;\n    return a.c;\n}",
                                                    },
                                                    pos: Position {
                                                        n_char: 10,
                                                        n_line: 10,
                                                    },
                                                },
                                            },
                                            Base2Base(
                                                Int,
                                                Char,
                                            ),
                                        ),
                                        ty: Base(
                                            Char,
                                        ),
                                        debug_info: DebugInfo {
                                            file_info: FileInfo {
                                                file_name: "",
                                                src: "struct A\n{\n    int a[2];\n    char b;\n    int c;\n};\n\nint main()\n{\n    struct A a;\n    a.b = 2;\n    a.a[1] = 1;\n    return a.c;\n}",
                                            },
                                            pos: Position {
                                                n_char: 10,
                                                n_line: 10,
                                            },
                                        },
                                    },
                                ),
                                ty: Base(
                                    Char,
                                ),
                                debug_info: DebugInfo {
                                    file_info: FileInfo {
                                        file_name: "",
                                        src: "struct A\n{\n    int a[2];\n    char b;\n    int c;\n};\n\nint main()\n{\n    struct A a;\n    a.b = 2;\n    a.a[1] = 1;\n    return a.c;\n}",
                                    },
                                    pos: Position {
                                        n_char: 8,
                                        n_line: 10,
                                    },
                                },
                            },
                        ),
                        Expr(
                            ConvExpr {
                                kind: Assign(
                                    ConvExpr {
                                        kind: Deref(
                                            ConvExpr {
                                                kind: Binary(
                                                    ConvBinary {
                                                        kind: Add,
                                                        lhs: ConvExpr {
                                                            kind: Addr(
                                                                ConvExpr {
                                                                    kind: Member {
                                                                        struct_expr: ConvExpr {
                                                                            kind: LVar(
                                                                                LVar {
                                                                                    offset: 16,
                                                                                    ty: Struct(
                                                                                        Struct {
                                                                                            tag: Some(
                                                                                                "A",
                                                                                            ),
                                                                                            members: [
                                                                                                StructMember {
                                                                                                    name: "a",
                                                                                                    offset: 8,
                                                                                                    ty: Array(
                                                                                                        Base(
                                                                                                            Int,
                                                                                                        ),
                                                                                                        2,
                                                                                                    ),
                                                                                                },
                                                                                                StructMember {
                                                                                                    name: "b",
                                                                                                    offset: 9,
                                                                                                    ty: Base(
                                                                                                        Char,
                                                                                                    ),
                                                                                                },
                                                                                                StructMember {
                                                                                                    name: "c",
                                                                                                    offset: 16,
                                                                                                    ty: Base(
                                                                                                        Int,
                                                                                                    ),
                                                                                                },
                                                                                            ],
                                                                                        },
                                                                                    ),
                                                                                },
                                                                            ),
                                                                            ty: Struct(
                                                                                Struct {
                                                                                    tag: Some(
                                                                                        "A",
                                                                                    ),
                                                                                    members: [
                                                                                        StructMember {
                                                                                            name: "a",
                                                                                            offset: 8,
                                                                                            ty: Array(
                                                                                                Base(
                                                                                                    Int,
                                                                                                ),
                                                                                                2,
                                                                                            ),
                                                                                        },
                                                                                        StructMember {
                                                                                            name: "b",
                                                                                            offset: 9,
                                                                                            ty: Base(
                                                                                                Char,
                                                                                            ),
                                                                                        },
                                                                                        StructMember {
                                                                                            name: "c",
                                                                                            offset: 16,
                                                                                            ty: Base(
                                                                                                Int,
                                                                                            ),
                                                                                        },
                                                                                    ],
                                                                                },
                                                                            ),
                                                                            debug_info: DebugInfo {
                                                                                file_info: FileInfo {
                                                                                    file_name: "",
                                                                                    src: "struct A\n{\n    int a[2];\n    char b;\n    int c;\n};\n\nint main()\n{\n    struct A a;\n    a.b = 2;\n    a.a[1] = 1;\n    return a.c;\n}",
                                                                                },
                                                                                pos: Position {
                                                                                    n_char: 4,
                                                                                    n_line: 11,
                                                                                },
                                                                            },
                                                                        },
                                                                        minus_offset: 0,
                                                                    },
                                                                    ty: Base(
                                                                        Int,
                                                                    ),
                                                                    debug_info: DebugInfo {
                                                                        file_info: FileInfo {
                                                                            file_name: "",
                                                                            src: "struct A\n{\n    int a[2];\n    char b;\n    int c;\n};\n\nint main()\n{\n    struct A a;\n    a.b = 2;\n    a.a[1] = 1;\n    return a.c;\n}",
                                                                        },
                                                                        pos: Position {
                                                                            n_char: 6,
                                                                            n_line: 11,
                                                                        },
                                                                    },
                                                                },
                                                            ),
                                                            ty: Ptr(
                                                                Base(
                                                                    Int,
                                                                ),
                                                            ),
                                                            debug_info: DebugInfo {
                                                                file_info: FileInfo {
                                                                    file_name: "",
                                                                    src: "struct A\n{\n    int a[2];\n    char b;\n    int c;\n};\n\nint main()\n{\n    struct A a;\n    a.b = 2;\n    a.a[1] = 1;\n    return a.c;\n}",
                                                                },
                                                                pos: Position {
                                                                    n_char: 6,
                                                                    n_line: 11,
                                                                },
                                                            },
                                                        },
                                                        rhs: ConvExpr {
                                                            kind: Binary(
                                                                ConvBinary {
                                                                    kind: Mul,
                                                                    lhs: ConvExpr {
                                                                        kind: Num(
                                                                            1,
                                                                        ),
                                                                        ty: Base(
                                                                            Int,
                                                                        ),
                                                                        debug_info: DebugInfo {
                                                                            file_info: FileInfo {
                                                                                file_name: "",
                                                                                src: "struct A\n{\n    int a[2];\n    char b;\n    int c;\n};\n\nint main()\n{\n    struct A a;\n    a.b = 2;\n    a.a[1] = 1;\n    return a.c;\n}",
                                                                            },
                                                                            pos: Position {
                                                                                n_char: 8,
                                                                                n_line: 11,
                                                                            },
                                                                        },
                                                                    },
                                                                    rhs: ConvExpr {
                                                                        kind: Num(
                                                                            4,
                                                                        ),
                                                                        ty: Base(
                                                                            Int,
                                                                        ),
                                                                        debug_info: DebugInfo {
                                                                            file_info: FileInfo {
                                                                                file_name: "",
                                                                                src: "struct A\n{\n    int a[2];\n    char b;\n    int c;\n};\n\nint main()\n{\n    struct A a;\n    a.b = 2;\n    a.a[1] = 1;\n    return a.c;\n}",
                                                                            },
                                                                            pos: Position {
                                                                                n_char: 6,
                                                                                n_line: 11,
                                                                            },
                                                                        },
                                                                    },
                                                                },
                                                            ),
                                                            ty: Base(
                                                                Int,
                                                            ),
                                                            debug_info: DebugInfo {
                                                                file_info: FileInfo {
                                                                    file_name: "",
                                                                    src: "struct A\n{\n    int a[2];\n    char b;\n    int c;\n};\n\nint main()\n{\n    struct A a;\n    a.b = 2;\n    a.a[1] = 1;\n    return a.c;\n}",
                                                                },
                                                                pos: Position {
                                                                    n_char: 6,
                                                                    n_line: 11,
                                                                },
                                                            },
                                                        },
                                                    },
                                                ),
                                                ty: Ptr(
                                                    Base(
                                                        Int,
                                                    ),
                                                ),
                                                debug_info: DebugInfo {
                                                    file_info: FileInfo {
                                                        file_name: "",
                                                        src: "struct A\n{\n    int a[2];\n    char b;\n    int c;\n};\n\nint main()\n{\n    struct A a;\n    a.b = 2;\n    a.a[1] = 1;\n    return a.c;\n}",
                                                    },
                                                    pos: Position {
                                                        n_char: 6,
                                                        n_line: 11,
                                                    },
                                                },
                                            },
                                        ),
                                        ty: Base(
                                            Int,
                                        ),
                                        debug_info: DebugInfo {
                                            file_info: FileInfo {
                                                file_name: "",
                                                src: "struct A\n{\n    int a[2];\n    char b;\n    int c;\n};\n\nint main()\n{\n    struct A a;\n    a.b = 2;\n    a.a[1] = 1;\n    return a.c;\n}",
                                            },
                                            pos: Position {
                                                n_char: 6,
                                                n_line: 11,
                                            },
                                        },
                                    },
                                    ConvExpr {
                                        kind: Num(
                                            1,
                                        ),
                                        ty: Base(
                                            Int,
                                        ),
                                        debug_info: DebugInfo {
                                            file_info: FileInfo {
                                                file_name: "",
                                                src: "struct A\n{\n    int a[2];\n    char b;\n    int c;\n};\n\nint main()\n{\n    struct A a;\n    a.b = 2;\n    a.a[1] = 1;\n    return a.c;\n}",
                                            },
                                            pos: Position {
                                                n_char: 13,
                                                n_line: 11,
                                            },
                                        },
                                    },
                                ),
                                ty: Base(
                                    Int,
                                ),
                                debug_info: DebugInfo {
                                    file_info: FileInfo {
                                        file_name: "",
                                        src: "struct A\n{\n    int a[2];\n    char b;\n    int c;\n};\n\nint main()\n{\n    struct A a;\n    a.b = 2;\n    a.a[1] = 1;\n    return a.c;\n}",
                                    },
                                    pos: Position {
                                        n_char: 11,
                                        n_line: 11,
                                    },
                                },
                            },
                        ),
                        Return(
                            ConvExpr {
                                kind: Member {
                                    struct_expr: ConvExpr {
                                        kind: LVar(
                                            LVar {
                                                offset: 16,
                                                ty: Struct(
                                                    Struct {
                                                        tag: Some(
                                                            "A",
                                                        ),
                                                        members: [
                                                            StructMember {
                                                                name: "a",
                                                                offset: 8,
                                                                ty: Array(
                                                                    Base(
                                                                        Int,
                                                                    ),
                                                                    2,
                                                                ),
                                                            },
                                                            StructMember {
                                                                name: "b",
                                                                offset: 9,
                                                                ty: Base(
                                                                    Char,
                                                                ),
                                                            },
                                                            StructMember {
                                                                name: "c",
                                                                offset: 16,
                                                                ty: Base(
                                                                    Int,
                                                                ),
                                                            },
                                                        ],
                                                    },
                                                ),
                                            },
                                        ),
                                        ty: Struct(
                                            Struct {
                                                tag: Some(
                                                    "A",
                                                ),
                                                members: [
                                                    StructMember {
                                                        name: "a",
                                                        offset: 8,
                                                        ty: Array(
                                                            Base(
                                                                Int,
                                                            ),
                                                            2,
                                                        ),
                                                    },
                                                    StructMember {
                                                        name: "b",
                                                        offset: 9,
                                                        ty: Base(
                                                            Char,
                                                        ),
                                                    },
                                                    StructMember {
                                                        name: "c",
                                                        offset: 16,
                                                        ty: Base(
                                                            Int,
                                                        ),
                                                    },
                                                ],
                                            },
                                        ),
                                        debug_info: DebugInfo {
                                            file_info: FileInfo {
                                                file_name: "",
                                                src: "struct A\n{\n    int a[2];\n    char b;\n    int c;\n};\n\nint main()\n{\n    struct A a;\n    a.b = 2;\n    a.a[1] = 1;\n    return a.c;\n}",
                                            },
                                            pos: Position {
                                                n_char: 11,
                                                n_line: 12,
                                            },
                                        },
                                    },
                                    minus_offset: 12,
                                },
                                ty: Base(
                                    Int,
                                ),
                                debug_info: DebugInfo {
                                    file_info: FileInfo {
                                        file_name: "",
                                        src: "struct A\n{\n    int a[2];\n    char b;\n    int c;\n};\n\nint main()\n{\n    struct A a;\n    a.b = 2;\n    a.a[1] = 1;\n    return a.c;\n}",
                                    },
                                    pos: Position {
                                        n_char: 13,
                                        n_line: 12,
                                    },
                                },
                            },
                            "main",
                        ),
                    ],
                ),
                stack_size: 16,
            },
        ),
    ],
}
