---
source: tests/insta_test.rs
expression: tester.program().as_ref().unwrap()
---
Program {
    components: [
        ProgramComponent {
            kind: FuncDef(
                Int,
                Declarator {
                    n_star: 0,
                    direct_declarator: Func(
                        Ident(
                            "main",
                        ),
                        [],
                    ),
                },
                Stmt {
                    kind: Block(
                        [
                            Stmt {
                                kind: Declare(
                                    Declaration {
                                        ty_spec: Int,
                                        declarator: Declarator {
                                            n_star: 0,
                                            direct_declarator: Ident(
                                                "a",
                                            ),
                                        },
                                        initializer: Some(
                                            Expr(
                                                Expr {
                                                    kind: Num(
                                                        1,
                                                    ),
                                                    pos: Position {
                                                        n_char: 16,
                                                        n_line: 2,
                                                    },
                                                },
                                            ),
                                        ),
                                        pos: Position {
                                            n_char: 8,
                                            n_line: 2,
                                        },
                                    },
                                ),
                            },
                            Stmt {
                                kind: Return(
                                    Expr {
                                        kind: Unary(
                                            LogicalNot,
                                            Expr {
                                                kind: LVar(
                                                    "a",
                                                ),
                                                pos: Position {
                                                    n_char: 16,
                                                    n_line: 3,
                                                },
                                            },
                                        ),
                                        pos: Position {
                                            n_char: 15,
                                            n_line: 3,
                                        },
                                    },
                                ),
                            },
                        ],
                    ),
                },
            ),
            pos: Position {
                n_char: 4,
                n_line: 1,
            },
        },
    ],
}
