---
source: tests/insta_test.rs
expression: tester.conv_program().as_ref().unwrap()
---
ConvProgram {
    components: [
        Global(
            GVar {
                name: "enum_global_var",
                ty: Base(
                    Int,
                ),
                init: None,
                is_extern: false,
            },
        ),
        Func(
            ConvFuncDef {
                ty: Func {
                    ret_ty: Base(
                        Int,
                    ),
                    args: [],
                    is_flexible: true,
                },
                name: "main",
                args: [],
                body: Block(
                    [
                        Expr(
                            ConvExpr {
                                kind: Assign(
                                    ConvExpr {
                                        kind: LVar(
                                            LVar {
                                                offset: 4,
                                                ty: Base(
                                                    Int,
                                                ),
                                            },
                                        ),
                                        ty: Base(
                                            Int,
                                        ),
                                        debug_info: DebugInfo {
                                            file_info: ,
                                            pos: Position {
                                                n_char: 2,
                                                n_line: 11,
                                            },
                                        },
                                    },
                                    ConvExpr {
                                        kind: Num(
                                            0,
                                        ),
                                        ty: Base(
                                            Int,
                                        ),
                                        debug_info: DebugInfo {
                                            file_info: ,
                                            pos: Position {
                                                n_char: 13,
                                                n_line: 11,
                                            },
                                        },
                                    },
                                ),
                                ty: Base(
                                    Int,
                                ),
                                debug_info: DebugInfo {
                                    file_info: ,
                                    pos: Position {
                                        n_char: 2,
                                        n_line: 11,
                                    },
                                },
                            },
                        ),
                        Return(
                            Some(
                                ConvExpr {
                                    kind: Num(
                                        1,
                                    ),
                                    ty: Base(
                                        Int,
                                    ),
                                    debug_info: DebugInfo {
                                        file_info: ,
                                        pos: Position {
                                            n_char: 9,
                                            n_line: 12,
                                        },
                                    },
                                },
                            ),
                            "main",
                        ),
                    ],
                ),
                stack_size: 4,
            },
        ),
    ],
}
