---
source: tests/insta_test.rs
expression: tester.program().as_ref().unwrap()
---
Program {
    components: [
        ProgramComponent {
            kind: Declaration(
                Declaration {
                    declaration_specifiers: [
                        Type(
                            Int,
                        ),
                    ],
                    init_declarator: Some(
                        InitDeclarator {
                            declarator: Declarator {
                                n_star: 0,
                                direct_declarator: Func(
                                    Ident(
                                        "printf",
                                    ),
                                    [
                                        Declaration {
                                            declaration_specifiers: [
                                                Type(
                                                    Char,
                                                ),
                                            ],
                                            init_declarator: Some(
                                                InitDeclarator {
                                                    declarator: Declarator {
                                                        n_star: 1,
                                                        direct_declarator: Ident(
                                                            "msg",
                                                        ),
                                                    },
                                                    initializer: None,
                                                },
                                            ),
                                            debug_info: DebugInfo {
                                                file_info: ,
                                                pos: Position {
                                                    n_char: 15,
                                                    n_line: 1,
                                                },
                                            },
                                        },
                                    ],
                                    false,
                                ),
                            },
                            initializer: None,
                        },
                    ),
                    debug_info: DebugInfo {
                        file_info: ,
                        pos: Position {
                            n_char: 4,
                            n_line: 1,
                        },
                    },
                },
            ),
            debug_info: DebugInfo {
                file_info: ,
                pos: Position {
                    n_char: 4,
                    n_line: 1,
                },
            },
        },
        ProgramComponent {
            kind: FuncDef(
                Int,
                Declarator {
                    n_star: 0,
                    direct_declarator: Func(
                        Ident(
                            "main",
                        ),
                        [],
                        true,
                    ),
                },
                Stmt {
                    kind: Block(
                        [
                            Stmt {
                                kind: Declare(
                                    Declaration {
                                        declaration_specifiers: [
                                            Type(
                                                Char,
                                            ),
                                        ],
                                        init_declarator: Some(
                                            InitDeclarator {
                                                declarator: Declarator {
                                                    n_star: 1,
                                                    direct_declarator: Ident(
                                                        "msg",
                                                    ),
                                                },
                                                initializer: None,
                                            },
                                        ),
                                        debug_info: DebugInfo {
                                            file_info: ,
                                            pos: Position {
                                                n_char: 8,
                                                n_line: 4,
                                            },
                                        },
                                    },
                                ),
                                debug_info: DebugInfo {
                                    file_info: ,
                                    pos: Position {
                                        n_char: 8,
                                        n_line: 4,
                                    },
                                },
                            },
                            Stmt {
                                kind: Expr(
                                    Expr {
                                        kind: Assign(
                                            Expr {
                                                kind: Ident(
                                                    "msg",
                                                ),
                                                debug_info: DebugInfo {
                                                    file_info: ,
                                                    pos: Position {
                                                        n_char: 8,
                                                        n_line: 5,
                                                    },
                                                },
                                            },
                                            Expr {
                                                kind: StrLit(
                                                    "Hello World",
                                                ),
                                                debug_info: DebugInfo {
                                                    file_info: ,
                                                    pos: Position {
                                                        n_char: 14,
                                                        n_line: 5,
                                                    },
                                                },
                                            },
                                            Eq,
                                        ),
                                        debug_info: DebugInfo {
                                            file_info: ,
                                            pos: Position {
                                                n_char: 12,
                                                n_line: 5,
                                            },
                                        },
                                    },
                                ),
                                debug_info: DebugInfo {
                                    file_info: ,
                                    pos: Position {
                                        n_char: 8,
                                        n_line: 5,
                                    },
                                },
                            },
                            Stmt {
                                kind: Expr(
                                    Expr {
                                        kind: Func(
                                            "printf",
                                            [
                                                Expr {
                                                    kind: Ident(
                                                        "msg",
                                                    ),
                                                    debug_info: DebugInfo {
                                                        file_info: ,
                                                        pos: Position {
                                                            n_char: 15,
                                                            n_line: 6,
                                                        },
                                                    },
                                                },
                                            ],
                                        ),
                                        debug_info: DebugInfo {
                                            file_info: ,
                                            pos: Position {
                                                n_char: 8,
                                                n_line: 6,
                                            },
                                        },
                                    },
                                ),
                                debug_info: DebugInfo {
                                    file_info: ,
                                    pos: Position {
                                        n_char: 8,
                                        n_line: 6,
                                    },
                                },
                            },
                        ],
                    ),
                    debug_info: DebugInfo {
                        file_info: ,
                        pos: Position {
                            n_char: 4,
                            n_line: 3,
                        },
                    },
                },
            ),
            debug_info: DebugInfo {
                file_info: ,
                pos: Position {
                    n_char: 4,
                    n_line: 3,
                },
            },
        },
    ],
}
