---
source: tests/insta_test.rs
expression: tester.tokens().as_ref().unwrap()
---
[
    Token {
        kind: Type(
            Int,
        ),
        debug_info: DebugInfo {
            file_info: FileInfo {
                file_name: "not impl name.c",
                src: "\nint main() {\nint i;\ni = 5;\nint* p; p = &i;\nint *p2; p2 = p + i;\n}",
            },
            pos: Position {
                n_char: 0,
                n_line: 1,
            },
        },
    },
    Token {
        kind: Ident(
            "main",
        ),
        debug_info: DebugInfo {
            file_info: FileInfo {
                file_name: "not impl name.c",
                src: "\nint main() {\nint i;\ni = 5;\nint* p; p = &i;\nint *p2; p2 = p + i;\n}",
            },
            pos: Position {
                n_char: 4,
                n_line: 1,
            },
        },
    },
    Token {
        kind: OpenDelim(
            Paren,
        ),
        debug_info: DebugInfo {
            file_info: FileInfo {
                file_name: "not impl name.c",
                src: "\nint main() {\nint i;\ni = 5;\nint* p; p = &i;\nint *p2; p2 = p + i;\n}",
            },
            pos: Position {
                n_char: 8,
                n_line: 1,
            },
        },
    },
    Token {
        kind: CloseDelim(
            Paren,
        ),
        debug_info: DebugInfo {
            file_info: FileInfo {
                file_name: "not impl name.c",
                src: "\nint main() {\nint i;\ni = 5;\nint* p; p = &i;\nint *p2; p2 = p + i;\n}",
            },
            pos: Position {
                n_char: 9,
                n_line: 1,
            },
        },
    },
    Token {
        kind: OpenDelim(
            Brace,
        ),
        debug_info: DebugInfo {
            file_info: FileInfo {
                file_name: "not impl name.c",
                src: "\nint main() {\nint i;\ni = 5;\nint* p; p = &i;\nint *p2; p2 = p + i;\n}",
            },
            pos: Position {
                n_char: 11,
                n_line: 1,
            },
        },
    },
    Token {
        kind: Type(
            Int,
        ),
        debug_info: DebugInfo {
            file_info: FileInfo {
                file_name: "not impl name.c",
                src: "\nint main() {\nint i;\ni = 5;\nint* p; p = &i;\nint *p2; p2 = p + i;\n}",
            },
            pos: Position {
                n_char: 0,
                n_line: 2,
            },
        },
    },
    Token {
        kind: Ident(
            "i",
        ),
        debug_info: DebugInfo {
            file_info: FileInfo {
                file_name: "not impl name.c",
                src: "\nint main() {\nint i;\ni = 5;\nint* p; p = &i;\nint *p2; p2 = p + i;\n}",
            },
            pos: Position {
                n_char: 4,
                n_line: 2,
            },
        },
    },
    Token {
        kind: Semi,
        debug_info: DebugInfo {
            file_info: FileInfo {
                file_name: "not impl name.c",
                src: "\nint main() {\nint i;\ni = 5;\nint* p; p = &i;\nint *p2; p2 = p + i;\n}",
            },
            pos: Position {
                n_char: 5,
                n_line: 2,
            },
        },
    },
    Token {
        kind: Ident(
            "i",
        ),
        debug_info: DebugInfo {
            file_info: FileInfo {
                file_name: "not impl name.c",
                src: "\nint main() {\nint i;\ni = 5;\nint* p; p = &i;\nint *p2; p2 = p + i;\n}",
            },
            pos: Position {
                n_char: 0,
                n_line: 3,
            },
        },
    },
    Token {
        kind: Eq,
        debug_info: DebugInfo {
            file_info: FileInfo {
                file_name: "not impl name.c",
                src: "\nint main() {\nint i;\ni = 5;\nint* p; p = &i;\nint *p2; p2 = p + i;\n}",
            },
            pos: Position {
                n_char: 2,
                n_line: 3,
            },
        },
    },
    Token {
        kind: Num(
            5,
        ),
        debug_info: DebugInfo {
            file_info: FileInfo {
                file_name: "not impl name.c",
                src: "\nint main() {\nint i;\ni = 5;\nint* p; p = &i;\nint *p2; p2 = p + i;\n}",
            },
            pos: Position {
                n_char: 4,
                n_line: 3,
            },
        },
    },
    Token {
        kind: Semi,
        debug_info: DebugInfo {
            file_info: FileInfo {
                file_name: "not impl name.c",
                src: "\nint main() {\nint i;\ni = 5;\nint* p; p = &i;\nint *p2; p2 = p + i;\n}",
            },
            pos: Position {
                n_char: 5,
                n_line: 3,
            },
        },
    },
    Token {
        kind: Type(
            Int,
        ),
        debug_info: DebugInfo {
            file_info: FileInfo {
                file_name: "not impl name.c",
                src: "\nint main() {\nint i;\ni = 5;\nint* p; p = &i;\nint *p2; p2 = p + i;\n}",
            },
            pos: Position {
                n_char: 0,
                n_line: 4,
            },
        },
    },
    Token {
        kind: BinOp(
            Star,
        ),
        debug_info: DebugInfo {
            file_info: FileInfo {
                file_name: "not impl name.c",
                src: "\nint main() {\nint i;\ni = 5;\nint* p; p = &i;\nint *p2; p2 = p + i;\n}",
            },
            pos: Position {
                n_char: 3,
                n_line: 4,
            },
        },
    },
    Token {
        kind: Ident(
            "p",
        ),
        debug_info: DebugInfo {
            file_info: FileInfo {
                file_name: "not impl name.c",
                src: "\nint main() {\nint i;\ni = 5;\nint* p; p = &i;\nint *p2; p2 = p + i;\n}",
            },
            pos: Position {
                n_char: 5,
                n_line: 4,
            },
        },
    },
    Token {
        kind: Semi,
        debug_info: DebugInfo {
            file_info: FileInfo {
                file_name: "not impl name.c",
                src: "\nint main() {\nint i;\ni = 5;\nint* p; p = &i;\nint *p2; p2 = p + i;\n}",
            },
            pos: Position {
                n_char: 6,
                n_line: 4,
            },
        },
    },
    Token {
        kind: Ident(
            "p",
        ),
        debug_info: DebugInfo {
            file_info: FileInfo {
                file_name: "not impl name.c",
                src: "\nint main() {\nint i;\ni = 5;\nint* p; p = &i;\nint *p2; p2 = p + i;\n}",
            },
            pos: Position {
                n_char: 8,
                n_line: 4,
            },
        },
    },
    Token {
        kind: Eq,
        debug_info: DebugInfo {
            file_info: FileInfo {
                file_name: "not impl name.c",
                src: "\nint main() {\nint i;\ni = 5;\nint* p; p = &i;\nint *p2; p2 = p + i;\n}",
            },
            pos: Position {
                n_char: 10,
                n_line: 4,
            },
        },
    },
    Token {
        kind: BinOp(
            And,
        ),
        debug_info: DebugInfo {
            file_info: FileInfo {
                file_name: "not impl name.c",
                src: "\nint main() {\nint i;\ni = 5;\nint* p; p = &i;\nint *p2; p2 = p + i;\n}",
            },
            pos: Position {
                n_char: 12,
                n_line: 4,
            },
        },
    },
    Token {
        kind: Ident(
            "i",
        ),
        debug_info: DebugInfo {
            file_info: FileInfo {
                file_name: "not impl name.c",
                src: "\nint main() {\nint i;\ni = 5;\nint* p; p = &i;\nint *p2; p2 = p + i;\n}",
            },
            pos: Position {
                n_char: 13,
                n_line: 4,
            },
        },
    },
    Token {
        kind: Semi,
        debug_info: DebugInfo {
            file_info: FileInfo {
                file_name: "not impl name.c",
                src: "\nint main() {\nint i;\ni = 5;\nint* p; p = &i;\nint *p2; p2 = p + i;\n}",
            },
            pos: Position {
                n_char: 14,
                n_line: 4,
            },
        },
    },
    Token {
        kind: Type(
            Int,
        ),
        debug_info: DebugInfo {
            file_info: FileInfo {
                file_name: "not impl name.c",
                src: "\nint main() {\nint i;\ni = 5;\nint* p; p = &i;\nint *p2; p2 = p + i;\n}",
            },
            pos: Position {
                n_char: 0,
                n_line: 5,
            },
        },
    },
    Token {
        kind: BinOp(
            Star,
        ),
        debug_info: DebugInfo {
            file_info: FileInfo {
                file_name: "not impl name.c",
                src: "\nint main() {\nint i;\ni = 5;\nint* p; p = &i;\nint *p2; p2 = p + i;\n}",
            },
            pos: Position {
                n_char: 4,
                n_line: 5,
            },
        },
    },
    Token {
        kind: Ident(
            "p2",
        ),
        debug_info: DebugInfo {
            file_info: FileInfo {
                file_name: "not impl name.c",
                src: "\nint main() {\nint i;\ni = 5;\nint* p; p = &i;\nint *p2; p2 = p + i;\n}",
            },
            pos: Position {
                n_char: 5,
                n_line: 5,
            },
        },
    },
    Token {
        kind: Semi,
        debug_info: DebugInfo {
            file_info: FileInfo {
                file_name: "not impl name.c",
                src: "\nint main() {\nint i;\ni = 5;\nint* p; p = &i;\nint *p2; p2 = p + i;\n}",
            },
            pos: Position {
                n_char: 7,
                n_line: 5,
            },
        },
    },
    Token {
        kind: Ident(
            "p2",
        ),
        debug_info: DebugInfo {
            file_info: FileInfo {
                file_name: "not impl name.c",
                src: "\nint main() {\nint i;\ni = 5;\nint* p; p = &i;\nint *p2; p2 = p + i;\n}",
            },
            pos: Position {
                n_char: 9,
                n_line: 5,
            },
        },
    },
    Token {
        kind: Eq,
        debug_info: DebugInfo {
            file_info: FileInfo {
                file_name: "not impl name.c",
                src: "\nint main() {\nint i;\ni = 5;\nint* p; p = &i;\nint *p2; p2 = p + i;\n}",
            },
            pos: Position {
                n_char: 12,
                n_line: 5,
            },
        },
    },
    Token {
        kind: Ident(
            "p",
        ),
        debug_info: DebugInfo {
            file_info: FileInfo {
                file_name: "not impl name.c",
                src: "\nint main() {\nint i;\ni = 5;\nint* p; p = &i;\nint *p2; p2 = p + i;\n}",
            },
            pos: Position {
                n_char: 14,
                n_line: 5,
            },
        },
    },
    Token {
        kind: BinOp(
            Plus,
        ),
        debug_info: DebugInfo {
            file_info: FileInfo {
                file_name: "not impl name.c",
                src: "\nint main() {\nint i;\ni = 5;\nint* p; p = &i;\nint *p2; p2 = p + i;\n}",
            },
            pos: Position {
                n_char: 16,
                n_line: 5,
            },
        },
    },
    Token {
        kind: Ident(
            "i",
        ),
        debug_info: DebugInfo {
            file_info: FileInfo {
                file_name: "not impl name.c",
                src: "\nint main() {\nint i;\ni = 5;\nint* p; p = &i;\nint *p2; p2 = p + i;\n}",
            },
            pos: Position {
                n_char: 18,
                n_line: 5,
            },
        },
    },
    Token {
        kind: Semi,
        debug_info: DebugInfo {
            file_info: FileInfo {
                file_name: "not impl name.c",
                src: "\nint main() {\nint i;\ni = 5;\nint* p; p = &i;\nint *p2; p2 = p + i;\n}",
            },
            pos: Position {
                n_char: 19,
                n_line: 5,
            },
        },
    },
    Token {
        kind: CloseDelim(
            Brace,
        ),
        debug_info: DebugInfo {
            file_info: FileInfo {
                file_name: "not impl name.c",
                src: "\nint main() {\nint i;\ni = 5;\nint* p; p = &i;\nint *p2; p2 = p + i;\n}",
            },
            pos: Position {
                n_char: 0,
                n_line: 6,
            },
        },
    },
    Token {
        kind: Eof,
        debug_info: DebugInfo {
            file_info: FileInfo {
                file_name: "not impl name.c",
                src: "\nint main() {\nint i;\ni = 5;\nint* p; p = &i;\nint *p2; p2 = p + i;\n}",
            },
            pos: Position {
                n_char: 1,
                n_line: 6,
            },
        },
    },
]
