---
source: tests/insta_test.rs
expression: tester.conv_program().as_ref().unwrap()
---
ConvProgram {
    components: [
        Func(
            ConvFuncDef {
                ty: Func(
                    Base(
                        Int,
                    ),
                    [],
                ),
                name: "main",
                args: [],
                body: ConvStmt {
                    kind: Block(
                        [
                            ConvStmt {
                                kind: Block(
                                    [],
                                ),
                            },
                            ConvStmt {
                                kind: Block(
                                    [
                                        ConvStmt {
                                            kind: Block(
                                                [],
                                            ),
                                        },
                                    ],
                                ),
                            },
                            ConvStmt {
                                kind: Block(
                                    [
                                        ConvStmt {
                                            kind: Block(
                                                [],
                                            ),
                                        },
                                        ConvStmt {
                                            kind: Block(
                                                [
                                                    ConvStmt {
                                                        kind: Block(
                                                            [],
                                                        ),
                                                    },
                                                ],
                                            ),
                                        },
                                    ],
                                ),
                            },
                            ConvStmt {
                                kind: Block(
                                    [],
                                ),
                            },
                        ],
                    ),
                },
                stack_size: 16,
            },
        ),
    ],
}
