---
source: tests/insta_test.rs
expression: tester.program().as_ref().unwrap()
---
Program {
    components: [
        ProgramComponent {
            kind: Declaration(
                Declaration {
                    ty_spec: StructOrUnion(
                        WithList(
                            Some(
                                "A",
                            ),
                            [
                                StructDeclaration {
                                    debug_info: DebugInfo {
                                        pos: Position {
                                            n_char: 4,
                                            n_line: 2,
                                        },
                                    },
                                    ty_spec: Int,
                                    declarator: Declarator {
                                        n_star: 0,
                                        direct_declarator: Array(
                                            Ident(
                                                "a",
                                            ),
                                            Some(
                                                Expr {
                                                    kind: Num(
                                                        2,
                                                    ),
                                                    debug_info: DebugInfo {
                                                        pos: Position {
                                                            n_char: 10,
                                                            n_line: 2,
                                                        },
                                                    },
                                                },
                                            ),
                                        ),
                                    },
                                },
                                StructDeclaration {
                                    debug_info: DebugInfo {
                                        pos: Position {
                                            n_char: 4,
                                            n_line: 3,
                                        },
                                    },
                                    ty_spec: Char,
                                    declarator: Declarator {
                                        n_star: 0,
                                        direct_declarator: Ident(
                                            "b",
                                        ),
                                    },
                                },
                                StructDeclaration {
                                    debug_info: DebugInfo {
                                        pos: Position {
                                            n_char: 4,
                                            n_line: 4,
                                        },
                                    },
                                    ty_spec: Int,
                                    declarator: Declarator {
                                        n_star: 0,
                                        direct_declarator: Ident(
                                            "c",
                                        ),
                                    },
                                },
                            ],
                        ),
                    ),
                    init_declarator: None,
                    debug_info: DebugInfo {
                        pos: Position {
                            n_char: 0,
                            n_line: 0,
                        },
                    },
                },
            ),
            debug_info: DebugInfo {
                pos: Position {
                    n_char: 0,
                    n_line: 0,
                },
            },
        },
        ProgramComponent {
            kind: FuncDef(
                Int,
                Declarator {
                    n_star: 0,
                    direct_declarator: Func(
                        Ident(
                            "main",
                        ),
                        [],
                        true,
                    ),
                },
                Stmt {
                    kind: Block(
                        [
                            Stmt {
                                kind: Declare(
                                    Declaration {
                                        ty_spec: StructOrUnion(
                                            WithTag(
                                                "A",
                                            ),
                                        ),
                                        init_declarator: Some(
                                            InitDeclarator {
                                                declarator: Declarator {
                                                    n_star: 0,
                                                    direct_declarator: Ident(
                                                        "a",
                                                    ),
                                                },
                                                initializer: None,
                                            },
                                        ),
                                        debug_info: DebugInfo {
                                            pos: Position {
                                                n_char: 4,
                                                n_line: 9,
                                            },
                                        },
                                    },
                                ),
                            },
                            Stmt {
                                kind: Expr(
                                    Expr {
                                        kind: Assign(
                                            Expr {
                                                kind: Member(
                                                    Expr {
                                                        kind: LVar(
                                                            "a",
                                                        ),
                                                        debug_info: DebugInfo {
                                                            pos: Position {
                                                                n_char: 4,
                                                                n_line: 10,
                                                            },
                                                        },
                                                    },
                                                    "b",
                                                ),
                                                debug_info: DebugInfo {
                                                    pos: Position {
                                                        n_char: 6,
                                                        n_line: 10,
                                                    },
                                                },
                                            },
                                            Expr {
                                                kind: Num(
                                                    2,
                                                ),
                                                debug_info: DebugInfo {
                                                    pos: Position {
                                                        n_char: 10,
                                                        n_line: 10,
                                                    },
                                                },
                                            },
                                        ),
                                        debug_info: DebugInfo {
                                            pos: Position {
                                                n_char: 8,
                                                n_line: 10,
                                            },
                                        },
                                    },
                                ),
                            },
                            Stmt {
                                kind: Expr(
                                    Expr {
                                        kind: Assign(
                                            Expr {
                                                kind: Array(
                                                    Expr {
                                                        kind: Member(
                                                            Expr {
                                                                kind: LVar(
                                                                    "a",
                                                                ),
                                                                debug_info: DebugInfo {
                                                                    pos: Position {
                                                                        n_char: 4,
                                                                        n_line: 11,
                                                                    },
                                                                },
                                                            },
                                                            "a",
                                                        ),
                                                        debug_info: DebugInfo {
                                                            pos: Position {
                                                                n_char: 6,
                                                                n_line: 11,
                                                            },
                                                        },
                                                    },
                                                    Expr {
                                                        kind: Num(
                                                            1,
                                                        ),
                                                        debug_info: DebugInfo {
                                                            pos: Position {
                                                                n_char: 8,
                                                                n_line: 11,
                                                            },
                                                        },
                                                    },
                                                ),
                                                debug_info: DebugInfo {
                                                    pos: Position {
                                                        n_char: 4,
                                                        n_line: 11,
                                                    },
                                                },
                                            },
                                            Expr {
                                                kind: Num(
                                                    1,
                                                ),
                                                debug_info: DebugInfo {
                                                    pos: Position {
                                                        n_char: 13,
                                                        n_line: 11,
                                                    },
                                                },
                                            },
                                        ),
                                        debug_info: DebugInfo {
                                            pos: Position {
                                                n_char: 11,
                                                n_line: 11,
                                            },
                                        },
                                    },
                                ),
                            },
                            Stmt {
                                kind: Return(
                                    Expr {
                                        kind: Member(
                                            Expr {
                                                kind: LVar(
                                                    "a",
                                                ),
                                                debug_info: DebugInfo {
                                                    pos: Position {
                                                        n_char: 11,
                                                        n_line: 12,
                                                    },
                                                },
                                            },
                                            "c",
                                        ),
                                        debug_info: DebugInfo {
                                            pos: Position {
                                                n_char: 13,
                                                n_line: 12,
                                            },
                                        },
                                    },
                                ),
                            },
                        ],
                    ),
                },
            ),
            debug_info: DebugInfo {
                pos: Position {
                    n_char: 0,
                    n_line: 7,
                },
            },
        },
    ],
}
