---
source: tests/insta_test.rs
expression: tester.program().as_ref().unwrap()
---
Program {
    components: [
        ProgramComponent {
            kind: FuncDef(
                Int,
                Declarator {
                    n_star: 0,
                    d_declrtr: Func(
                        Ident(
                            "main",
                        ),
                        [],
                    ),
                },
                Stmt {
                    kind: Block(
                        [
                            Stmt {
                                kind: Declare(
                                    Declaration {
                                        ty_spec: Int,
                                        declrtr: Declarator {
                                            n_star: 0,
                                            d_declrtr: Ident(
                                                "a",
                                            ),
                                        },
                                        initializer: Some(
                                            Expr(
                                                Expr {
                                                    kind: Num(
                                                        5,
                                                    ),
                                                    pos: Position {
                                                        n_char: 20,
                                                        n_line: 0,
                                                    },
                                                },
                                            ),
                                        ),
                                        pos: Position {
                                            n_char: 12,
                                            n_line: 0,
                                        },
                                    },
                                ),
                            },
                            Stmt {
                                kind: Declare(
                                    Declaration {
                                        ty_spec: Int,
                                        declrtr: Declarator {
                                            n_star: 1,
                                            d_declrtr: Ident(
                                                "p",
                                            ),
                                        },
                                        initializer: Some(
                                            Expr(
                                                Expr {
                                                    kind: Addr(
                                                        Expr {
                                                            kind: LVar(
                                                                "a",
                                                            ),
                                                            pos: Position {
                                                                n_char: 33,
                                                                n_line: 0,
                                                            },
                                                        },
                                                    ),
                                                    pos: Position {
                                                        n_char: 32,
                                                        n_line: 0,
                                                    },
                                                },
                                            ),
                                        ),
                                        pos: Position {
                                            n_char: 23,
                                            n_line: 0,
                                        },
                                    },
                                ),
                            },
                            Stmt {
                                kind: Return(
                                    Expr {
                                        kind: Num(
                                            0,
                                        ),
                                        pos: Position {
                                            n_char: 43,
                                            n_line: 0,
                                        },
                                    },
                                ),
                            },
                        ],
                    ),
                },
            ),
            pos: Position {
                n_char: 0,
                n_line: 0,
            },
        },
    ],
}
