---
source: tests/insta_test.rs
expression: tester.conv_program().as_ref().unwrap()
---
ConvProgram {
    components: [
        Func(
            ConvFuncDef {
                ty: Func(
                    Base(
                        Int,
                    ),
                    [],
                ),
                name: "main",
                args: [],
                body: ConvStmt {
                    kind: Block(
                        [
                            ConvStmt {
                                kind: Expr(
                                    ConvExpr {
                                        kind: Assign(
                                            ConvExpr {
                                                kind: Lvar(
                                                    Lvar {
                                                        offset: 4,
                                                        ty: Base(
                                                            Int,
                                                        ),
                                                    },
                                                ),
                                                ty: Base(
                                                    Int,
                                                ),
                                                pos: Position {
                                                    n_char: 12,
                                                    n_line: 0,
                                                },
                                            },
                                            ConvExpr {
                                                kind: Num(
                                                    5,
                                                ),
                                                ty: Base(
                                                    Int,
                                                ),
                                                pos: Position {
                                                    n_char: 20,
                                                    n_line: 0,
                                                },
                                            },
                                        ),
                                        ty: Base(
                                            Int,
                                        ),
                                        pos: Position {
                                            n_char: 12,
                                            n_line: 0,
                                        },
                                    },
                                ),
                            },
                            ConvStmt {
                                kind: Expr(
                                    ConvExpr {
                                        kind: Assign(
                                            ConvExpr {
                                                kind: Lvar(
                                                    Lvar {
                                                        offset: 12,
                                                        ty: Ptr(
                                                            Base(
                                                                Int,
                                                            ),
                                                        ),
                                                    },
                                                ),
                                                ty: Ptr(
                                                    Base(
                                                        Int,
                                                    ),
                                                ),
                                                pos: Position {
                                                    n_char: 23,
                                                    n_line: 0,
                                                },
                                            },
                                            ConvExpr {
                                                kind: Addr(
                                                    ConvExpr {
                                                        kind: Lvar(
                                                            Lvar {
                                                                offset: 4,
                                                                ty: Base(
                                                                    Int,
                                                                ),
                                                            },
                                                        ),
                                                        ty: Base(
                                                            Int,
                                                        ),
                                                        pos: Position {
                                                            n_char: 33,
                                                            n_line: 0,
                                                        },
                                                    },
                                                ),
                                                ty: Ptr(
                                                    Base(
                                                        Int,
                                                    ),
                                                ),
                                                pos: Position {
                                                    n_char: 32,
                                                    n_line: 0,
                                                },
                                            },
                                        ),
                                        ty: Ptr(
                                            Base(
                                                Int,
                                            ),
                                        ),
                                        pos: Position {
                                            n_char: 23,
                                            n_line: 0,
                                        },
                                    },
                                ),
                            },
                            ConvStmt {
                                kind: Return(
                                    ConvExpr {
                                        kind: Num(
                                            0,
                                        ),
                                        ty: Base(
                                            Int,
                                        ),
                                        pos: Position {
                                            n_char: 43,
                                            n_line: 0,
                                        },
                                    },
                                    "main",
                                ),
                            },
                        ],
                    ),
                },
                stack_size: 12,
            },
        ),
    ],
}
