---
source: tests/insta_test.rs
expression: tester.program().as_ref().unwrap()
---
Program {
    components: [
        ProgramComponent {
            kind: FuncDef(
                Int,
                Declarator {
                    n_star: 0,
                    direct_declarator: Func(
                        Ident(
                            "main",
                        ),
                        [],
                        true,
                    ),
                },
                Stmt {
                    kind: Block(
                        [
                            Stmt {
                                kind: Declare(
                                    Declaration {
                                        ty_spec: Int,
                                        init_declarator: Some(
                                            InitDeclarator {
                                                declarator: Declarator {
                                                    n_star: 0,
                                                    direct_declarator: Ident(
                                                        "a",
                                                    ),
                                                },
                                                initializer: Some(
                                                    Expr(
                                                        Expr {
                                                            kind: Num(
                                                                1,
                                                            ),
                                                            pos: Position {
                                                                n_char: 16,
                                                                n_line: 1,
                                                            },
                                                        },
                                                    ),
                                                ),
                                            },
                                        ),
                                        pos: Position {
                                            n_char: 8,
                                            n_line: 1,
                                        },
                                    },
                                ),
                            },
                            Stmt {
                                kind: Declare(
                                    Declaration {
                                        ty_spec: Int,
                                        init_declarator: Some(
                                            InitDeclarator {
                                                declarator: Declarator {
                                                    n_star: 0,
                                                    direct_declarator: Ident(
                                                        "b",
                                                    ),
                                                },
                                                initializer: Some(
                                                    Expr(
                                                        Expr {
                                                            kind: Num(
                                                                2,
                                                            ),
                                                            pos: Position {
                                                                n_char: 16,
                                                                n_line: 2,
                                                            },
                                                        },
                                                    ),
                                                ),
                                            },
                                        ),
                                        pos: Position {
                                            n_char: 8,
                                            n_line: 2,
                                        },
                                    },
                                ),
                            },
                            Stmt {
                                kind: Declare(
                                    Declaration {
                                        ty_spec: Int,
                                        init_declarator: Some(
                                            InitDeclarator {
                                                declarator: Declarator {
                                                    n_star: 0,
                                                    direct_declarator: Ident(
                                                        "c",
                                                    ),
                                                },
                                                initializer: Some(
                                                    Expr(
                                                        Expr {
                                                            kind: Conditional {
                                                                cond: Expr {
                                                                    kind: Binary(
                                                                        Binary {
                                                                            kind: Gt,
                                                                            lhs: Expr {
                                                                                kind: LVar(
                                                                                    "a",
                                                                                ),
                                                                                pos: Position {
                                                                                    n_char: 16,
                                                                                    n_line: 3,
                                                                                },
                                                                            },
                                                                            rhs: Expr {
                                                                                kind: LVar(
                                                                                    "b",
                                                                                ),
                                                                                pos: Position {
                                                                                    n_char: 20,
                                                                                    n_line: 3,
                                                                                },
                                                                            },
                                                                        },
                                                                    ),
                                                                    pos: Position {
                                                                        n_char: 18,
                                                                        n_line: 3,
                                                                    },
                                                                },
                                                                then: Expr {
                                                                    kind: LVar(
                                                                        "a",
                                                                    ),
                                                                    pos: Position {
                                                                        n_char: 24,
                                                                        n_line: 3,
                                                                    },
                                                                },
                                                                els: Expr {
                                                                    kind: LVar(
                                                                        "b",
                                                                    ),
                                                                    pos: Position {
                                                                        n_char: 28,
                                                                        n_line: 3,
                                                                    },
                                                                },
                                                            },
                                                            pos: Position {
                                                                n_char: 18,
                                                                n_line: 3,
                                                            },
                                                        },
                                                    ),
                                                ),
                                            },
                                        ),
                                        pos: Position {
                                            n_char: 8,
                                            n_line: 3,
                                        },
                                    },
                                ),
                            },
                        ],
                    ),
                },
            ),
            pos: Position {
                n_char: 0,
                n_line: 0,
            },
        },
    ],
}
