---
source: tests/insta_test.rs
expression: tester.program().as_ref().unwrap()
---
Program {
    components: [
        ProgramComponent {
            kind: Declaration(
                Declaration {
                    declaration_specifiers: [
                        Type(
                            Enum(
                                WithList(
                                    Some(
                                        "A",
                                    ),
                                    [
                                        EnumConstant {
                                            ident: "A1",
                                            debug_info: DebugInfo {
                                                file_info: ,
                                                pos: Position {
                                                    n_char: 4,
                                                    n_line: 1,
                                                },
                                            },
                                        },
                                        EnumConstant {
                                            ident: "A2",
                                            debug_info: DebugInfo {
                                                file_info: ,
                                                pos: Position {
                                                    n_char: 4,
                                                    n_line: 2,
                                                },
                                            },
                                        },
                                    ],
                                ),
                            ),
                        ),
                    ],
                    init_declarator: None,
                    debug_info: DebugInfo {
                        file_info: ,
                        pos: Position {
                            n_char: 0,
                            n_line: 0,
                        },
                    },
                },
            ),
            debug_info: DebugInfo {
                file_info: ,
                pos: Position {
                    n_char: 0,
                    n_line: 0,
                },
            },
        },
        ProgramComponent {
            kind: Declaration(
                Declaration {
                    declaration_specifiers: [
                        Type(
                            Enum(
                                WithList(
                                    None,
                                    [
                                        EnumConstant {
                                            ident: "B1",
                                            debug_info: DebugInfo {
                                                file_info: ,
                                                pos: Position {
                                                    n_char: 4,
                                                    n_line: 6,
                                                },
                                            },
                                        },
                                        EnumConstant {
                                            ident: "B2",
                                            debug_info: DebugInfo {
                                                file_info: ,
                                                pos: Position {
                                                    n_char: 4,
                                                    n_line: 7,
                                                },
                                            },
                                        },
                                    ],
                                ),
                            ),
                        ),
                    ],
                    init_declarator: Some(
                        InitDeclarator {
                            declarator: Declarator {
                                n_star: 0,
                                direct_declarator: Ident(
                                    "enum_global_var",
                                ),
                            },
                            initializer: None,
                        },
                    ),
                    debug_info: DebugInfo {
                        file_info: ,
                        pos: Position {
                            n_char: 0,
                            n_line: 5,
                        },
                    },
                },
            ),
            debug_info: DebugInfo {
                file_info: ,
                pos: Position {
                    n_char: 0,
                    n_line: 5,
                },
            },
        },
        ProgramComponent {
            kind: FuncDef(
                Int,
                Declarator {
                    n_star: 0,
                    direct_declarator: Func(
                        Ident(
                            "main",
                        ),
                        [],
                        true,
                    ),
                },
                Stmt {
                    kind: Block(
                        [
                            Stmt {
                                kind: Declare(
                                    Declaration {
                                        declaration_specifiers: [
                                            Type(
                                                Enum(
                                                    WithTag(
                                                        "A",
                                                    ),
                                                ),
                                            ),
                                        ],
                                        init_declarator: Some(
                                            InitDeclarator {
                                                declarator: Declarator {
                                                    n_star: 0,
                                                    direct_declarator: Ident(
                                                        "a",
                                                    ),
                                                },
                                                initializer: Some(
                                                    Expr(
                                                        Expr {
                                                            kind: Ident(
                                                                "A1",
                                                            ),
                                                            debug_info: DebugInfo {
                                                                file_info: ,
                                                                pos: Position {
                                                                    n_char: 15,
                                                                    n_line: 11,
                                                                },
                                                            },
                                                        },
                                                    ),
                                                ),
                                            },
                                        ),
                                        debug_info: DebugInfo {
                                            file_info: ,
                                            pos: Position {
                                                n_char: 4,
                                                n_line: 11,
                                            },
                                        },
                                    },
                                ),
                                debug_info: DebugInfo {
                                    file_info: ,
                                    pos: Position {
                                        n_char: 4,
                                        n_line: 11,
                                    },
                                },
                            },
                            Stmt {
                                kind: Return(
                                    Some(
                                        Expr {
                                            kind: Ident(
                                                "A2",
                                            ),
                                            debug_info: DebugInfo {
                                                file_info: ,
                                                pos: Position {
                                                    n_char: 11,
                                                    n_line: 12,
                                                },
                                            },
                                        },
                                    ),
                                ),
                                debug_info: DebugInfo {
                                    file_info: ,
                                    pos: Position {
                                        n_char: 11,
                                        n_line: 12,
                                    },
                                },
                            },
                        ],
                    ),
                    debug_info: DebugInfo {
                        file_info: ,
                        pos: Position {
                            n_char: 0,
                            n_line: 10,
                        },
                    },
                },
            ),
            debug_info: DebugInfo {
                file_info: ,
                pos: Position {
                    n_char: 0,
                    n_line: 10,
                },
            },
        },
    ],
}
