---
source: tests/insta_test.rs
expression: tester.conv_program().as_ref().unwrap()
---
ConvProgram {
    components: [
        Func(
            ConvFuncDef {
                ty: Func {
                    ret_ty: Base(
                        Int,
                    ),
                    args: [],
                    is_flexible: true,
                },
                name: "main",
                args: [],
                body: Block(
                    [
                        Block(
                            [],
                        ),
                        Expr(
                            ConvExpr {
                                kind: Assign(
                                    ConvExpr {
                                        kind: LVar(
                                            LVar {
                                                offset: 4,
                                                ty: Base(
                                                    Int,
                                                ),
                                            },
                                        ),
                                        ty: Base(
                                            Int,
                                        ),
                                        debug_info: DebugInfo {
                                            file_info: ,
                                            pos: Position {
                                                n_char: 0,
                                                n_line: 3,
                                            },
                                        },
                                    },
                                    ConvExpr {
                                        kind: Num(
                                            5,
                                        ),
                                        ty: Base(
                                            Int,
                                        ),
                                        debug_info: DebugInfo {
                                            file_info: ,
                                            pos: Position {
                                                n_char: 4,
                                                n_line: 3,
                                            },
                                        },
                                    },
                                ),
                                ty: Base(
                                    Int,
                                ),
                                debug_info: DebugInfo {
                                    file_info: ,
                                    pos: Position {
                                        n_char: 2,
                                        n_line: 3,
                                    },
                                },
                            },
                        ),
                        Block(
                            [],
                        ),
                        Expr(
                            ConvExpr {
                                kind: Assign(
                                    ConvExpr {
                                        kind: LVar(
                                            LVar {
                                                offset: 16,
                                                ty: Ptr(
                                                    Base(
                                                        Int,
                                                    ),
                                                ),
                                            },
                                        ),
                                        ty: Ptr(
                                            Base(
                                                Int,
                                            ),
                                        ),
                                        debug_info: DebugInfo {
                                            file_info: ,
                                            pos: Position {
                                                n_char: 8,
                                                n_line: 4,
                                            },
                                        },
                                    },
                                    ConvExpr {
                                        kind: Addr(
                                            ConvExpr {
                                                kind: LVar(
                                                    LVar {
                                                        offset: 4,
                                                        ty: Base(
                                                            Int,
                                                        ),
                                                    },
                                                ),
                                                ty: Base(
                                                    Int,
                                                ),
                                                debug_info: DebugInfo {
                                                    file_info: ,
                                                    pos: Position {
                                                        n_char: 13,
                                                        n_line: 4,
                                                    },
                                                },
                                            },
                                        ),
                                        ty: Ptr(
                                            Base(
                                                Int,
                                            ),
                                        ),
                                        debug_info: DebugInfo {
                                            file_info: ,
                                            pos: Position {
                                                n_char: 12,
                                                n_line: 4,
                                            },
                                        },
                                    },
                                ),
                                ty: Ptr(
                                    Base(
                                        Int,
                                    ),
                                ),
                                debug_info: DebugInfo {
                                    file_info: ,
                                    pos: Position {
                                        n_char: 10,
                                        n_line: 4,
                                    },
                                },
                            },
                        ),
                        Block(
                            [],
                        ),
                        Expr(
                            ConvExpr {
                                kind: Assign(
                                    ConvExpr {
                                        kind: LVar(
                                            LVar {
                                                offset: 24,
                                                ty: Ptr(
                                                    Base(
                                                        Int,
                                                    ),
                                                ),
                                            },
                                        ),
                                        ty: Ptr(
                                            Base(
                                                Int,
                                            ),
                                        ),
                                        debug_info: DebugInfo {
                                            file_info: ,
                                            pos: Position {
                                                n_char: 9,
                                                n_line: 5,
                                            },
                                        },
                                    },
                                    ConvExpr {
                                        kind: Binary(
                                            ConvBinary {
                                                kind: Add,
                                                lhs: ConvExpr {
                                                    kind: LVar(
                                                        LVar {
                                                            offset: 16,
                                                            ty: Ptr(
                                                                Base(
                                                                    Int,
                                                                ),
                                                            ),
                                                        },
                                                    ),
                                                    ty: Ptr(
                                                        Base(
                                                            Int,
                                                        ),
                                                    ),
                                                    debug_info: DebugInfo {
                                                        file_info: ,
                                                        pos: Position {
                                                            n_char: 14,
                                                            n_line: 5,
                                                        },
                                                    },
                                                },
                                                rhs: ConvExpr {
                                                    kind: Binary(
                                                        ConvBinary {
                                                            kind: Mul,
                                                            lhs: ConvExpr {
                                                                kind: LVar(
                                                                    LVar {
                                                                        offset: 4,
                                                                        ty: Base(
                                                                            Int,
                                                                        ),
                                                                    },
                                                                ),
                                                                ty: Base(
                                                                    Int,
                                                                ),
                                                                debug_info: DebugInfo {
                                                                    file_info: ,
                                                                    pos: Position {
                                                                        n_char: 18,
                                                                        n_line: 5,
                                                                    },
                                                                },
                                                            },
                                                            rhs: ConvExpr {
                                                                kind: Num(
                                                                    4,
                                                                ),
                                                                ty: Base(
                                                                    Int,
                                                                ),
                                                                debug_info: DebugInfo {
                                                                    file_info: ,
                                                                    pos: Position {
                                                                        n_char: 16,
                                                                        n_line: 5,
                                                                    },
                                                                },
                                                            },
                                                        },
                                                    ),
                                                    ty: Base(
                                                        Int,
                                                    ),
                                                    debug_info: DebugInfo {
                                                        file_info: ,
                                                        pos: Position {
                                                            n_char: 16,
                                                            n_line: 5,
                                                        },
                                                    },
                                                },
                                            },
                                        ),
                                        ty: Ptr(
                                            Base(
                                                Int,
                                            ),
                                        ),
                                        debug_info: DebugInfo {
                                            file_info: ,
                                            pos: Position {
                                                n_char: 16,
                                                n_line: 5,
                                            },
                                        },
                                    },
                                ),
                                ty: Ptr(
                                    Base(
                                        Int,
                                    ),
                                ),
                                debug_info: DebugInfo {
                                    file_info: ,
                                    pos: Position {
                                        n_char: 12,
                                        n_line: 5,
                                    },
                                },
                            },
                        ),
                    ],
                ),
                stack_size: 24,
            },
        ),
    ],
}
